// Jest Snapshot v1, https://goo.gl/fbAQLP

exports[`GA4R withTracker Rendering but timeout is very short 1`] = `"{\\"path\\":\\"myCustomPath\\",\\"gaCode\\":\\"GA-CODE\\",\\"timeout\\":10}"`;

exports[`GA4R withTracker Rendering but timeout is very short 2`] = `
<head>
  <script
    async=""
    id="ga4ReactScriptAsync"
    src="https://www.googletagmanager.com/gtag/js?id=GA-CODE"
  />
  <script
    id="ga4ReactScriptSync"
  >
    window.dataLayer = window.dataLayer || [];
        function gtag(){dataLayer.push(arguments);};
        gtag('js', new Date());
        gtag('config', 'GA-CODE', {});
  </script>
</head>
`;
